>>> BaseGeometry = __import__('7-base_geometry').BaseGeometry
>>> bg = BaseGeometry()
>>> bg.integer_validator("age", 19)
>>> bg.integer_validator("age", "ten")
Traceback (most recent call last):
TypeError: age must be an integer
>>> bg.integer_validator("age", 0)
Traceback (most recent call last):
ValueError: age must be greater than 0
>>> bg.integer_validator("age", -1)
Traceback (most recent call last):
ValueError: age must be greater than 0
>>> bg.integer_validator(, -1)
Traceback (most recent call last):
SyntaxError: invalid syntax
>>> bg.integer_validator(,)
Traceback (most recent call last):
SyntaxError: invalid syntax
